Component: ARM Compiler 6.14.1 Tool: armlink [5db06d00]

==============================================================================

Section Cross References

    startup.o(STACK) refers (Special) to heapauxi.o(.text) for __use_two_region_memory
    startup.o(HEAP) refers (Special) to heapauxi.o(.text) for __use_two_region_memory
    startup.o(RESET) refers (Special) to heapauxi.o(.text) for __use_two_region_memory
    startup.o(RESET) refers to startup.o(STACK) for StackMem
    startup.o(RESET) refers to main.o(main) for __main
    startup.o(RESET) refers to stepright.o(right) for StepRight
    startup.o(RESET) refers to portf_hand.o(hand) for PORTF_HAND
    startup.o(.text) refers (Special) to heapauxi.o(.text) for __use_two_region_memory
    startup.o(.text) refers to startup.o(HEAP) for HeapMem
    startup.o(.text) refers to startup.o(STACK) for StackMem
    main.o(main) refers to init_sw.o(INIT) for INIT_SW
    main.o(main) refers to porta_init.o(init) for PORTA_INIT
    main.o(main) refers to portb4_init.o(INIT) for PORTB4_INIT
    main.o(main) refers to portd_init.o(INIT) for PORTC_INIT
    main.o(main) refers to portc_init.o(INIT) for PORTD_INIT
    main.o(main) refers to init_porte3_adc.o(INIT) for INIT_PORTE3_ADC
    main.o(main) refers to delay100.o(main) for DELAY100
    main.o(main) refers to init_ssi0.o(init) for INIT_SSI0
    main.o(main) refers to init_timer_1a.o(TIMER) for INIT_TIMER_1A
    main.o(main) refers to init_timer_0a.o(routines) for INIT_TIMER_0A
    main.o(main) refers to init_screen.o(INIT) for INIT_SCREEN
    main.o(main) refers to delay1.o(main) for DELAY1
    main.o(main) refers to normal_op.o(display) for NORMAL_OP
    main.o(main) refers to meas_2.o(MEAS2) for MEAS_2
    main.o(main) refers to save_sample.o(sample) for SAVE_SAMPLE
    main.o(main) refers to threshold_op.o(display) for THRESHOLD_OP
    convrt.o(main) refers to outstr.o(.text) for OutStr
    meas_2.o(MEAS2) refers to delay100.o(main) for DELAY100
    meas_2.o(MEAS2) refers to convrt.o(main) for CONVRT
    meas_2.o(MEAS2) refers to update_meas.o(meas) for UPDATE_MEAS
    meas_2.o(MEAS2) refers to update_bar.o(bar) for UPDATE_BAR
    meas_2.o(MEAS2) refers to brakes_disp.o(display) for BRAKES_DISP
    meas_2.o(MEAS2) refers to outstr.o(.text) for OutStr
    save_sample.o(sample) refers to update_samp.o(meas) for UPDATE_SAMP
    save_sample.o(sample) refers to convrt.o(main) for CONVRT
    save_sample.o(sample) refers to delay1.o(main) for DELAY1
    init_screen.o(INIT) refers to delay100.o(main) for DELAY100
    init_screen.o(INIT) refers to write_com.o(write) for WRITE_COM
    init_screen.o(INIT) refers to clear_screen.o(clear) for CLEAR_SCREEN
    init_screen.o(INIT) refers to first_display.o(display) for FIRST_DISPLAY
    first_display.o(display) refers to write_com.o(write) for WRITE_COM
    first_display.o(display) refers to write_ascii.o(write) for WRITE_ASCII
    clear_screen.o(clear) refers to write_com.o(write) for WRITE_COM
    clear_screen.o(clear) refers to write_disp.o(write) for WRITE_DISP
    write_ascii.o(write) refers to write_disp.o(write) for WRITE_DISP
    update_meas.o(meas) refers to delay1.o(main) for DELAY1
    update_meas.o(meas) refers to write_com.o(write) for WRITE_COM
    update_meas.o(meas) refers to write_ascii.o(write) for WRITE_ASCII
    update_samp.o(meas) refers to delay1.o(main) for DELAY1
    update_samp.o(meas) refers to write_com.o(write) for WRITE_COM
    update_samp.o(meas) refers to write_ascii.o(write) for WRITE_ASCII
    brakes_disp.o(display) refers to write_com.o(write) for WRITE_COM
    brakes_disp.o(display) refers to write_ascii.o(write) for WRITE_ASCII
    normal_op.o(display) refers to write_com.o(write) for WRITE_COM
    normal_op.o(display) refers to write_ascii.o(write) for WRITE_ASCII
    threshold_op.o(display) refers to write_com.o(write) for WRITE_COM
    threshold_op.o(display) refers to write_ascii.o(write) for WRITE_ASCII
    update_bar.o(bar) refers to write_com.o(write) for WRITE_COM
    update_bar.o(bar) refers to write_ascii.o(write) for WRITE_ASCII
    update_bar.o(bar) refers to update_speed.o(update) for UPDATE_SPEED


==============================================================================

Removing Unused input sections from the image.

    Removing inchar.o(.text), (188 bytes).
    Removing outchar.o(.text), (220 bytes).
    Removing startup.o(HEAP), (0 bytes).
    Removing startup.o(.text), (48 bytes).

4 unused section(s) (total 456 bytes) removed from the image.

==============================================================================

Image Symbol Table

    Local Symbols

    Symbol Name                              Value     Ov Type        Size  Object(Section)

    ../clib/heapaux.c                        0x00000000   Number         0  heapauxi.o ABSOLUTE
    BRAKES_DISP.s                            0x00000000   Number         0  brakes_disp.o ABSOLUTE
    CLEAR_SCREEN.s                           0x00000000   Number         0  clear_screen.o ABSOLUTE
    CONVRT.s                                 0x00000000   Number         0  convrt.o ABSOLUTE
    DELAY1.s                                 0x00000000   Number         0  delay1.o ABSOLUTE
    DELAY100.s                               0x00000000   Number         0  delay100.o ABSOLUTE
    FIRST_DISPLAY.s                          0x00000000   Number         0  first_display.o ABSOLUTE
    INIT_PORTE3_ADC.s                        0x00000000   Number         0  init_porte3_adc.o ABSOLUTE
    INIT_SCREEN.s                            0x00000000   Number         0  init_screen.o ABSOLUTE
    INIT_SSI0.s                              0x00000000   Number         0  init_ssi0.o ABSOLUTE
    INIT_SW.s                                0x00000000   Number         0  init_sw.o ABSOLUTE
    INIT_TIMER_0A.s                          0x00000000   Number         0  init_timer_0a.o ABSOLUTE
    INIT_TIMER_1A.s                          0x00000000   Number         0  init_timer_1a.o ABSOLUTE
    InChar.s                                 0x00000000   Number         0  inchar.o ABSOLUTE
    MEAS_2.s                                 0x00000000   Number         0  meas_2.o ABSOLUTE
    NORMAL_OP.s                              0x00000000   Number         0  normal_op.o ABSOLUTE
    OutChar.s                                0x00000000   Number         0  outchar.o ABSOLUTE
    OutStr.s                                 0x00000000   Number         0  outstr.o ABSOLUTE
    PORTA_INIT.s                             0x00000000   Number         0  porta_init.o ABSOLUTE
    PORTB4_INIT.s                            0x00000000   Number         0  portb4_init.o ABSOLUTE
    PORTC_INIT.s                             0x00000000   Number         0  portc_init.o ABSOLUTE
    PORTD_INIT.s                             0x00000000   Number         0  portd_init.o ABSOLUTE
    PORTF_HAND.s                             0x00000000   Number         0  portf_hand.o ABSOLUTE
    SAVE_SAMPLE.s                            0x00000000   Number         0  save_sample.o ABSOLUTE
    Startup.s                                0x00000000   Number         0  startup.o ABSOLUTE
    StepRight.s                              0x00000000   Number         0  stepright.o ABSOLUTE
    THRESHOLD_OP.s                           0x00000000   Number         0  threshold_op.o ABSOLUTE
    UPDATE_BAR.s                             0x00000000   Number         0  update_bar.o ABSOLUTE
    UPDATE_MEAS.s                            0x00000000   Number         0  update_meas.o ABSOLUTE
    UPDATE_SAMP.s                            0x00000000   Number         0  update_samp.o ABSOLUTE
    UPDATE_SPEED.s                           0x00000000   Number         0  update_speed.o ABSOLUTE
    WRITE_ASCII.s                            0x00000000   Number         0  write_ascii.o ABSOLUTE
    WRITE_COM.s                              0x00000000   Number         0  write_com.o ABSOLUTE
    WRITE_DISP.s                             0x00000000   Number         0  write_disp.o ABSOLUTE
    dc.s                                     0x00000000   Number         0  dc.o ABSOLUTE
    main.s                                   0x00000000   Number         0  main.o ABSOLUTE
    RESET                                    0x00000000   Section      656  startup.o(RESET)
    $v0                                      0x0000026c   Number         0  startup.o(RESET)
    $v0                                      0x00000290   Number         0  outstr.o(.text)
    .text                                    0x00000290   Section      236  outstr.o(.text)
    .text                                    0x0000037c   Section        0  heapauxi.o(.text)
    $v0                                      0x00000384   Number         0  portb4_init.o(INIT)
    INIT                                     0x00000384   Section       88  portb4_init.o(INIT)
    $v0                                      0x000003dc   Number         0  init_sw.o(INIT)
    INIT                                     0x000003dc   Section      188  init_sw.o(INIT)
    $v0                                      0x00000498   Number         0  portc_init.o(INIT)
    INIT                                     0x00000498   Section      100  portc_init.o(INIT)
    $v0                                      0x000004fc   Number         0  init_porte3_adc.o(INIT)
    INIT                                     0x000004fc   Section      184  init_porte3_adc.o(INIT)
    $v0                                      0x000005b4   Number         0  init_screen.o(INIT)
    INIT                                     0x000005b4   Section      108  init_screen.o(INIT)
    $v0                                      0x00000620   Number         0  portd_init.o(INIT)
    INIT                                     0x00000620   Section       76  portd_init.o(INIT)
    MEAS2                                    0x0000066c   Section      252  meas_2.o(MEAS2)
    BRAKEMSG                                 0x00000683   Data           9  meas_2.o(MEAS2)
    $v0                                      0x0000068e   Number         0  meas_2.o(MEAS2)
    $v0                                      0x00000768   Number         0  init_timer_1a.o(TIMER)
    TIMER                                    0x00000768   Section      116  init_timer_1a.o(TIMER)
    ASCII                                    0x000007dc   Data           6  update_bar.o(bar)
    bar                                      0x000007dc   Section      340  update_bar.o(bar)
    $v0                                      0x00000806   Number         0  update_bar.o(bar)
    $v0                                      0x00000930   Number         0  clear_screen.o(clear)
    clear                                    0x00000930   Section       52  clear_screen.o(clear)
    ASCII                                    0x00000964   Data           6  first_display.o(display)
    display                                  0x00000964   Section      744  first_display.o(display)
    $v0                                      0x00000a54   Number         0  first_display.o(display)
    MSG                                      0x00000c4c   Data           6  brakes_disp.o(display)
    display                                  0x00000c4c   Section      176  brakes_disp.o(display)
    $v0                                      0x00000c82   Number         0  brakes_disp.o(display)
    MSG                                      0x00000cfc   Data           6  normal_op.o(display)
    display                                  0x00000cfc   Section      180  normal_op.o(display)
    $v0                                      0x00000d38   Number         0  normal_op.o(display)
    MSG                                      0x00000db0   Data           6  threshold_op.o(display)
    display                                  0x00000db0   Section      336  threshold_op.o(display)
    $v0                                      0x00000dec   Number         0  threshold_op.o(display)
    $v0                                      0x00000f00   Number         0  portf_hand.o(hand)
    hand                                     0x00000f00   Section       84  portf_hand.o(hand)
    $v0                                      0x00000f54   Number         0  porta_init.o(init)
    init                                     0x00000f54   Section      112  porta_init.o(init)
    $v0                                      0x00000fc4   Number         0  init_ssi0.o(init)
    init                                     0x00000fc4   Section       64  init_ssi0.o(init)
    $v0                                      0x00001004   Number         0  main.o(main)
    main                                     0x00001004   Section       88  main.o(main)
    $v0                                      0x0000105c   Number         0  convrt.o(main)
    main                                     0x0000105c   Section       84  convrt.o(main)
    $v0                                      0x000010b0   Number         0  delay100.o(main)
    main                                     0x000010b0   Section       12  delay100.o(main)
    $v0                                      0x000010bc   Number         0  delay1.o(main)
    main                                     0x000010bc   Section       20  delay1.o(main)
    NUMBERS                                  0x000010d0   Data           6  update_meas.o(meas)
    meas                                     0x000010d0   Section      236  update_meas.o(meas)
    $v0                                      0x0000111e   Number         0  update_meas.o(meas)
    NUMBERS                                  0x000011bc   Data           6  update_samp.o(meas)
    meas                                     0x000011bc   Section      220  update_samp.o(meas)
    $v0                                      0x000011f8   Number         0  update_samp.o(meas)
    $v0                                      0x00001298   Number         0  stepright.o(right)
    right                                    0x00001298   Section       68  stepright.o(right)
    $v0                                      0x000012dc   Number         0  init_timer_0a.o(routines)
    routines                                 0x000012dc   Section      144  init_timer_0a.o(routines)
    $v0                                      0x0000136c   Number         0  save_sample.o(sample)
    sample                                   0x0000136c   Section       88  save_sample.o(sample)
    $v0                                      0x000013c4   Number         0  update_speed.o(update)
    update                                   0x000013c4   Section       68  update_speed.o(update)
    $v0                                      0x00001408   Number         0  write_com.o(write)
    write                                    0x00001408   Section       56  write_com.o(write)
    $v0                                      0x00001440   Number         0  write_disp.o(write)
    write                                    0x00001440   Section       56  write_disp.o(write)
    $v0                                      0x00001478   Number         0  write_ascii.o(write)
    write                                    0x00001478   Section       40  write_ascii.o(write)
    StackMem                                 0x20000000   Data           0  startup.o(STACK)
    STACK                                    0x20000000   Section     1024  startup.o(STACK)

    Global Symbols

    Symbol Name                              Value     Ov Type        Size  Object(Section)

    BuildAttributes$$THM_ISAv4$E$P$D$K$B$S$7EM$VFPi3$EXTD16$VFPS$VFMA$PE$A:L22UL41UL21$X:L11$S22US41US21$IEEE1$IW$~IW$USESV6$~STKCKD$USESV7$~SHL$OSPACE$ROPI$EBA8$STANDARDLIB$REQ8$EABIv2 0x00000000   Number         0  anon$$obj.o ABSOLUTE
    __Vectors                                0x00000000   Data           0  startup.o(RESET)
    Reset_Handler                            0x0000026d   Thumb Code     0  startup.o(RESET)
    NMI_Handler                              0x00000271   Thumb Code     2  startup.o(RESET)
    HardFault_Handler                        0x00000273   Thumb Code     2  startup.o(RESET)
    MemManage_Handler                        0x00000275   Thumb Code     2  startup.o(RESET)
    BusFault_Handler                         0x00000277   Thumb Code     2  startup.o(RESET)
    UsageFault_Handler                       0x00000279   Thumb Code     2  startup.o(RESET)
    SVC_Handler                              0x0000027b   Thumb Code     2  startup.o(RESET)
    DebugMon_Handler                         0x0000027d   Thumb Code     2  startup.o(RESET)
    PendSV_Handler                           0x0000027f   Thumb Code     2  startup.o(RESET)
    SysTick_Handler                          0x00000281   Thumb Code     2  startup.o(RESET)
    Timer0A_Handler                          0x00000283   Thumb Code     4  startup.o(RESET)
    Timer1A_Handler                          0x00000287   Thumb Code     2  startup.o(RESET)
    Timer2A_Handler                          0x00000289   Thumb Code     2  startup.o(RESET)
    GPIOPortF_Handler                        0x0000028b   Thumb Code     4  startup.o(RESET)
    ADC0Seq0_Handler                         0x0000028f   Thumb Code     0  startup.o(RESET)
    ADC0Seq1_Handler                         0x0000028f   Thumb Code     0  startup.o(RESET)
    ADC0Seq2_Handler                         0x0000028f   Thumb Code     0  startup.o(RESET)
    ADC0Seq3_Handler                         0x0000028f   Thumb Code     0  startup.o(RESET)
    ADC1Seq0_Handler                         0x0000028f   Thumb Code     0  startup.o(RESET)
    ADC1Seq1_Handler                         0x0000028f   Thumb Code     0  startup.o(RESET)
    ADC1Seq2_Handler                         0x0000028f   Thumb Code     0  startup.o(RESET)
    ADC1Seq3_Handler                         0x0000028f   Thumb Code     0  startup.o(RESET)
    CAN0_Handler                             0x0000028f   Thumb Code     0  startup.o(RESET)
    CAN1_Handler                             0x0000028f   Thumb Code     0  startup.o(RESET)
    CAN2_Handler                             0x0000028f   Thumb Code     0  startup.o(RESET)
    Comp0_Handler                            0x0000028f   Thumb Code     0  startup.o(RESET)
    Comp1_Handler                            0x0000028f   Thumb Code     0  startup.o(RESET)
    Comp2_Handler                            0x0000028f   Thumb Code     0  startup.o(RESET)
    Ethernet_Handler                         0x0000028f   Thumb Code     0  startup.o(RESET)
    ExtBus_Handler                           0x0000028f   Thumb Code     0  startup.o(RESET)
    FPU_Handler                              0x0000028f   Thumb Code     0  startup.o(RESET)
    Fan0_Handler                             0x0000028f   Thumb Code     0  startup.o(RESET)
    FlashCtl_Handler                         0x0000028f   Thumb Code     0  startup.o(RESET)
    GPIOPortA_Handler                        0x0000028f   Thumb Code     0  startup.o(RESET)
    GPIOPortB_Handler                        0x0000028f   Thumb Code     0  startup.o(RESET)
    GPIOPortC_Handler                        0x0000028f   Thumb Code     0  startup.o(RESET)
    GPIOPortD_Handler                        0x0000028f   Thumb Code     0  startup.o(RESET)
    GPIOPortE_Handler                        0x0000028f   Thumb Code     0  startup.o(RESET)
    GPIOPortG_Handler                        0x0000028f   Thumb Code     0  startup.o(RESET)
    GPIOPortH_Handler                        0x0000028f   Thumb Code     0  startup.o(RESET)
    GPIOPortJ_Handler                        0x0000028f   Thumb Code     0  startup.o(RESET)
    GPIOPortK_Handler                        0x0000028f   Thumb Code     0  startup.o(RESET)
    GPIOPortL_Handler                        0x0000028f   Thumb Code     0  startup.o(RESET)
    GPIOPortM_Handler                        0x0000028f   Thumb Code     0  startup.o(RESET)
    GPIOPortN_Handler                        0x0000028f   Thumb Code     0  startup.o(RESET)
    GPIOPortP1_Handler                       0x0000028f   Thumb Code     0  startup.o(RESET)
    GPIOPortP2_Handler                       0x0000028f   Thumb Code     0  startup.o(RESET)
    GPIOPortP3_Handler                       0x0000028f   Thumb Code     0  startup.o(RESET)
    GPIOPortP4_Handler                       0x0000028f   Thumb Code     0  startup.o(RESET)
    GPIOPortP5_Handler                       0x0000028f   Thumb Code     0  startup.o(RESET)
    GPIOPortP6_Handler                       0x0000028f   Thumb Code     0  startup.o(RESET)
    GPIOPortP7_Handler                       0x0000028f   Thumb Code     0  startup.o(RESET)
    GPIOPortP_Handler                        0x0000028f   Thumb Code     0  startup.o(RESET)
    GPIOPortQ1_Handler                       0x0000028f   Thumb Code     0  startup.o(RESET)
    GPIOPortQ2_Handler                       0x0000028f   Thumb Code     0  startup.o(RESET)
    GPIOPortQ3_Handler                       0x0000028f   Thumb Code     0  startup.o(RESET)
    GPIOPortQ4_Handler                       0x0000028f   Thumb Code     0  startup.o(RESET)
    GPIOPortQ5_Handler                       0x0000028f   Thumb Code     0  startup.o(RESET)
    GPIOPortQ6_Handler                       0x0000028f   Thumb Code     0  startup.o(RESET)
    GPIOPortQ7_Handler                       0x0000028f   Thumb Code     0  startup.o(RESET)
    GPIOPortQ_Handler                        0x0000028f   Thumb Code     0  startup.o(RESET)
    GPIOPortR_Handler                        0x0000028f   Thumb Code     0  startup.o(RESET)
    GPIOPortS_Handler                        0x0000028f   Thumb Code     0  startup.o(RESET)
    Hibernate_Handler                        0x0000028f   Thumb Code     0  startup.o(RESET)
    I2C0_Handler                             0x0000028f   Thumb Code     0  startup.o(RESET)
    I2C1_Handler                             0x0000028f   Thumb Code     0  startup.o(RESET)
    I2C2_Handler                             0x0000028f   Thumb Code     0  startup.o(RESET)
    I2C3_Handler                             0x0000028f   Thumb Code     0  startup.o(RESET)
    I2C4_Handler                             0x0000028f   Thumb Code     0  startup.o(RESET)
    I2C5_Handler                             0x0000028f   Thumb Code     0  startup.o(RESET)
    I2S0_Handler                             0x0000028f   Thumb Code     0  startup.o(RESET)
    LPC0_Handler                             0x0000028f   Thumb Code     0  startup.o(RESET)
    PECI0_Handler                            0x0000028f   Thumb Code     0  startup.o(RESET)
    PWM0Fault_Handler                        0x0000028f   Thumb Code     0  startup.o(RESET)
    PWM0Generator0_Handler                   0x0000028f   Thumb Code     0  startup.o(RESET)
    PWM0Generator1_Handler                   0x0000028f   Thumb Code     0  startup.o(RESET)
    PWM0Generator2_Handler                   0x0000028f   Thumb Code     0  startup.o(RESET)
    PWM0Generator3_Handler                   0x0000028f   Thumb Code     0  startup.o(RESET)
    PWM1Fault_Handler                        0x0000028f   Thumb Code     0  startup.o(RESET)
    PWM1Generator0_Handler                   0x0000028f   Thumb Code     0  startup.o(RESET)
    PWM1Generator1_Handler                   0x0000028f   Thumb Code     0  startup.o(RESET)
    PWM1Generator2_Handler                   0x0000028f   Thumb Code     0  startup.o(RESET)
    PWM1Generator3_Handler                   0x0000028f   Thumb Code     0  startup.o(RESET)
    Quadrature0_Handler                      0x0000028f   Thumb Code     0  startup.o(RESET)
    Quadrature1_Handler                      0x0000028f   Thumb Code     0  startup.o(RESET)
    Quadrature2_Handler                      0x0000028f   Thumb Code     0  startup.o(RESET)
    SSI0_Handler                             0x0000028f   Thumb Code     0  startup.o(RESET)
    SSI1_Handler                             0x0000028f   Thumb Code     0  startup.o(RESET)
    SSI2_Handler                             0x0000028f   Thumb Code     0  startup.o(RESET)
    SSI3_Handler                             0x0000028f   Thumb Code     0  startup.o(RESET)
    SysCtl_Handler                           0x0000028f   Thumb Code     0  startup.o(RESET)
    Timer0B_Handler                          0x0000028f   Thumb Code     0  startup.o(RESET)
    Timer1B_Handler                          0x0000028f   Thumb Code     0  startup.o(RESET)
    Timer2B_Handler                          0x0000028f   Thumb Code     0  startup.o(RESET)
    Timer3A_Handler                          0x0000028f   Thumb Code     0  startup.o(RESET)
    Timer3B_Handler                          0x0000028f   Thumb Code     0  startup.o(RESET)
    Timer4A_Handler                          0x0000028f   Thumb Code     0  startup.o(RESET)
    Timer4B_Handler                          0x0000028f   Thumb Code     0  startup.o(RESET)
    Timer5A_Handler                          0x0000028f   Thumb Code     0  startup.o(RESET)
    Timer5B_Handler                          0x0000028f   Thumb Code     0  startup.o(RESET)
    UART0_Handler                            0x0000028f   Thumb Code     0  startup.o(RESET)
    UART1_Handler                            0x0000028f   Thumb Code     0  startup.o(RESET)
    UART2_Handler                            0x0000028f   Thumb Code     0  startup.o(RESET)
    UART3_Handler                            0x0000028f   Thumb Code     0  startup.o(RESET)
    UART4_Handler                            0x0000028f   Thumb Code     0  startup.o(RESET)
    UART5_Handler                            0x0000028f   Thumb Code     0  startup.o(RESET)
    UART6_Handler                            0x0000028f   Thumb Code     0  startup.o(RESET)
    UART7_Handler                            0x0000028f   Thumb Code     0  startup.o(RESET)
    USB0_Handler                             0x0000028f   Thumb Code     0  startup.o(RESET)
    WDT_Handler                              0x0000028f   Thumb Code     0  startup.o(RESET)
    WideTimer0A_Handler                      0x0000028f   Thumb Code     0  startup.o(RESET)
    WideTimer0B_Handler                      0x0000028f   Thumb Code     0  startup.o(RESET)
    WideTimer1A_Handler                      0x0000028f   Thumb Code     0  startup.o(RESET)
    WideTimer1B_Handler                      0x0000028f   Thumb Code     0  startup.o(RESET)
    WideTimer2A_Handler                      0x0000028f   Thumb Code     0  startup.o(RESET)
    WideTimer2B_Handler                      0x0000028f   Thumb Code     0  startup.o(RESET)
    WideTimer3A_Handler                      0x0000028f   Thumb Code     0  startup.o(RESET)
    WideTimer3B_Handler                      0x0000028f   Thumb Code     0  startup.o(RESET)
    WideTimer4A_Handler                      0x0000028f   Thumb Code     0  startup.o(RESET)
    WideTimer4B_Handler                      0x0000028f   Thumb Code     0  startup.o(RESET)
    WideTimer5A_Handler                      0x0000028f   Thumb Code     0  startup.o(RESET)
    WideTimer5B_Handler                      0x0000028f   Thumb Code     0  startup.o(RESET)
    uDMA_Error                               0x0000028f   Thumb Code     0  startup.o(RESET)
    uDMA_Handler                             0x0000028f   Thumb Code     0  startup.o(RESET)
    OutStr                                   0x00000291   Thumb Code     0  outstr.o(.text)
    __use_two_region_memory                  0x0000037d   Thumb Code     2  heapauxi.o(.text)
    __rt_heap_escrow$2region                 0x0000037f   Thumb Code     2  heapauxi.o(.text)
    __rt_heap_expand$2region                 0x00000381   Thumb Code     2  heapauxi.o(.text)
    PORTB4_INIT                              0x00000385   Thumb Code    64  portb4_init.o(INIT)
    INIT_SW                                  0x000003dd   Thumb Code   122  init_sw.o(INIT)
    PORTD_INIT                               0x00000499   Thumb Code    68  portc_init.o(INIT)
    INIT_PORTE3_ADC                          0x000004fd   Thumb Code   138  init_porte3_adc.o(INIT)
    INIT_SCREEN                              0x000005b5   Thumb Code   104  init_screen.o(INIT)
    PORTC_INIT                               0x00000621   Thumb Code    54  portd_init.o(INIT)
    MEAS_2                                   0x0000068f   Thumb Code   182  meas_2.o(MEAS2)
    INIT_TIMER_1A                            0x00000769   Thumb Code    88  init_timer_1a.o(TIMER)
    UPDATE_BAR                               0x00000807   Thumb Code   286  update_bar.o(bar)
    CLEAR_SCREEN                             0x00000931   Thumb Code    46  clear_screen.o(clear)
    FIRST_DISPLAY                            0x00000a55   Thumb Code   498  first_display.o(display)
    BRAKES_DISP                              0x00000c83   Thumb Code   116  brakes_disp.o(display)
    NORMAL_OP                                0x00000d39   Thumb Code   116  normal_op.o(display)
    THRESHOLD_OP                             0x00000ded   Thumb Code   272  threshold_op.o(display)
    PORTF_HAND                               0x00000f01   Thumb Code    66  portf_hand.o(hand)
    PORTA_INIT                               0x00000f55   Thumb Code    78  porta_init.o(init)
    INIT_SSI0                                0x00000fc5   Thumb Code    52  init_ssi0.o(init)
    __main                                   0x00001005   Thumb Code     0  main.o(main)
    CONVRT                                   0x0000105d   Thumb Code     0  convrt.o(main)
    DELAY100                                 0x000010b1   Thumb Code    12  delay100.o(main)
    DELAY1                                   0x000010bd   Thumb Code    14  delay1.o(main)
    UPDATE_MEAS                              0x0000111f   Thumb Code   152  update_meas.o(meas)
    UPDATE_SAMP                              0x000011f9   Thumb Code   156  update_samp.o(meas)
    StepRight                                0x00001299   Thumb Code    58  stepright.o(right)
    INIT_TIMER_0A                            0x000012dd   Thumb Code   102  init_timer_0a.o(routines)
    SAVE_SAMPLE                              0x0000136d   Thumb Code    68  save_sample.o(sample)
    UPDATE_SPEED                             0x000013c5   Thumb Code    58  update_speed.o(update)
    WRITE_COM                                0x00001409   Thumb Code    44  write_com.o(write)
    WRITE_DISP                               0x00001441   Thumb Code    44  write_disp.o(write)
    WRITE_ASCII                              0x00001479   Thumb Code    36  write_ascii.o(write)



==============================================================================

Memory Map of the image

  Image Entry point : 0x0000026d

  Load Region LR_1 (Base: 0x00000000, Size: 0x000018a0, Max: 0xffffffff, ABSOLUTE)

    Execution Region ER_RO (Exec base: 0x00000000, Load base: 0x00000000, Size: 0x000014a0, Max: 0xffffffff, ABSOLUTE)

    Exec Addr    Load Addr    Size         Type   Attr      Idx    E Section Name        Object

    0x00000000   0x00000000   0x00000290   Code   RO           14  * RESET               startup.o
    0x00000290   0x00000290   0x000000ec   Code   RO            9    .text               outstr.o
    0x0000037c   0x0000037c   0x00000006   Code   RO          142    .text               c_w.l(heapauxi.o)
    0x00000382   0x00000382   0x00000002   PAD
    0x00000384   0x00000384   0x00000058   Code   RO           32    INIT                portb4_init.o
    0x000003dc   0x000003dc   0x000000bc   Code   RO           44    INIT                init_sw.o
    0x00000498   0x00000498   0x00000064   Code   RO           56    INIT                portc_init.o
    0x000004fc   0x000004fc   0x000000b8   Code   RO           60    INIT                init_porte3_adc.o
    0x000005b4   0x000005b4   0x0000006c   Code   RO           80    INIT                init_screen.o
    0x00000620   0x00000620   0x0000004c   Code   RO           84    INIT                portd_init.o
    0x0000066c   0x0000066c   0x000000fc   Code   RO           36    MEAS2               meas_2.o
    0x00000768   0x00000768   0x00000074   Code   RO           40    TIMER               init_timer_1a.o
    0x000007dc   0x000007dc   0x00000154   Code   RO          132    bar                 update_bar.o
    0x00000930   0x00000930   0x00000034   Code   RO          100    clear               clear_screen.o
    0x00000964   0x00000964   0x000002e8   Code   RO           96    display             first_display.o
    0x00000c4c   0x00000c4c   0x000000b0   Code   RO          120    display             brakes_disp.o
    0x00000cfc   0x00000cfc   0x000000b4   Code   RO          124    display             normal_op.o
    0x00000db0   0x00000db0   0x00000150   Code   RO          128    display             threshold_op.o
    0x00000f00   0x00000f00   0x00000054   Code   RO           68    hand                portf_hand.o
    0x00000f54   0x00000f54   0x00000070   Code   RO           72    init                porta_init.o
    0x00000fc4   0x00000fc4   0x00000040   Code   RO           76    init                init_ssi0.o
    0x00001004   0x00001004   0x00000058   Code   RO           21    main                main.o
    0x0000105c   0x0000105c   0x00000054   Code   RO           24    main                convrt.o
    0x000010b0   0x000010b0   0x0000000c   Code   RO           28    main                delay100.o
    0x000010bc   0x000010bc   0x00000014   Code   RO          112    main                delay1.o
    0x000010d0   0x000010d0   0x000000ec   Code   RO          108    meas                update_meas.o
    0x000011bc   0x000011bc   0x000000dc   Code   RO          116    meas                update_samp.o
    0x00001298   0x00001298   0x00000044   Code   RO           48    right               stepright.o
    0x000012dc   0x000012dc   0x00000090   Code   RO           52    routines            init_timer_0a.o
    0x0000136c   0x0000136c   0x00000058   Code   RO           64    sample              save_sample.o
    0x000013c4   0x000013c4   0x00000044   Code   RO          136    update              update_speed.o
    0x00001408   0x00001408   0x00000038   Code   RO           88    write               write_com.o
    0x00001440   0x00001440   0x00000038   Code   RO           92    write               write_disp.o
    0x00001478   0x00001478   0x00000028   Code   RO          104    write               write_ascii.o


    Execution Region ER_RW (Exec base: 0x20000000, Load base: 0x000014a0, Size: 0x00000400, Max: 0xffffffff, ABSOLUTE)

    Exec Addr    Load Addr    Size         Type   Attr      Idx    E Section Name        Object

    0x20000000   0x000014a0   0x00000400   Data   RW           12    STACK               startup.o


    Execution Region ER_ZI (Exec base: 0x20000400, Load base: 0x000018a0, Size: 0x00000000, Max: 0xffffffff, ABSOLUTE)

    **** No section assigned to this execution region ****


==============================================================================

Image component sizes


      Code (inc. data)   RO Data    RW Data    ZI Data      Debug   Object Name

       176         60          0          0          0        384   brakes_disp.o
        52          6          0          0          0        372   clear_screen.o
        84         10          0          0          0        360   convrt.o
        20          6          0          0          0        340   delay1.o
        12          0          0          0          0        348   delay100.o
       744        246          0          0          0        504   first_display.o
         0          0          0          0          0         32   inchar.o
       184         46          0          0          0        420   init_porte3_adc.o
       108          4          0          0          0        380   init_screen.o
        64         12          0          0          0        364   init_ssi0.o
       188         66          0          0          0        388   init_sw.o
       144         42          0          0          0        396   init_timer_0a.o
       116         28          0          0          0        392   init_timer_1a.o
        88          6          0          0          0        224   main.o
       252         70          0          0          0        400   meas_2.o
       180         64          0          0          0        380   normal_op.o
       236         54          0          0          0        288   outstr.o
       112         34          0          0          0        380   porta_init.o
        88         24          0          0          0        376   portb4_init.o
       100         32          0          0          0        376   portc_init.o
        76         22          0          0          0        372   portd_init.o
        84         18          0          0          0        376   portf_hand.o
        88         20          0          0          0        372   save_sample.o
       656        620          0       1024          0        908   startup.o
        68         10          0          0          0        368   stepright.o
       336         64          0          0          0        436   threshold_op.o
       340         54          0          0          0        448   update_bar.o
       236         84          0          0          0        392   update_meas.o
       220         64          0          0          0        392   update_samp.o
        68         10          0          0          0        376   update_speed.o
        40          4          0          0          0        364   write_ascii.o
        56         12          0          0          0        364   write_com.o
        56         12          0          0          0        368   write_disp.o

    ----------------------------------------------------------------------
      5272       1804          0       1024          0      12640   Object Totals
         0          0          0          0          0          0   (incl. Generated)
         0          0          0          0          0          0   (incl. Padding)

    ----------------------------------------------------------------------

      Code (inc. data)   RO Data    RW Data    ZI Data      Debug   Library Member Name

         6          0          0          0          0        152   heapauxi.o

    ----------------------------------------------------------------------
         8          0          0          0          0        152   Library Totals
         2          0          0          0          0          0   (incl. Padding)

    ----------------------------------------------------------------------

      Code (inc. data)   RO Data    RW Data    ZI Data      Debug   Library Name

         6          0          0          0          0        152   c_w.l

    ----------------------------------------------------------------------
         8          0          0          0          0        152   Library Totals

    ----------------------------------------------------------------------

==============================================================================


      Code (inc. data)   RO Data    RW Data    ZI Data      Debug   

      5280       1804          0       1024          0       9892   Grand Totals
      5280       1804          0       1024          0       9892   ELF Image Totals
      5280       1804          0       1024          0          0   ROM Totals

==============================================================================

    Total RO  Size (Code + RO Data)                 5280 (   5.16kB)
    Total RW  Size (RW Data + ZI Data)              1024 (   1.00kB)
    Total ROM Size (Code + RO Data + RW Data)       6304 (   6.16kB)

==============================================================================

